[04:06:58][SCAN][DEBUG] PATH = [C:\Users\justi\Downloads\PIPELINE(1)\PIPELINE\RepairArchive]
[04:06:58][CACHE][DEBUG] Loaded cache entries: 0
[04:06:58][SCAN][DEBUG] PATH = [C:\Users\justi\Downloads\PIPELINE(1)\RepairArchive]
[04:06:58][IDLE][DEBUG] User ACTIVE
[04:07:00][IDLE][DEBUG] CPU activity detected
[04:07:18][SCAN][DEBUG] PATH = [C:\Users\justi\Downloads\PIPELINE(1)\PIPELINE\RepairArchive]
[04:07:19][SCAN][DEBUG] Parsed last scan time: 18/05/2026 04:06:58
[04:07:19][SCAN][DEBUG] PATH = [C:\Users\justi\Downloads\PIPELINE(1)\RepairArchive]
[04:07:19][IDLE][DEBUG] User ACTIVE
[04:07:21][IDLE][DEBUG] CPU activity detected
[04:23:05][SCAN][DEBUG] PATH = [C:\Users\justi\Downloads\PIPELINE(1)\PIPELINE\RepairArchive]
[04:23:05][SCAN][DEBUG] Parsed last scan time: 18/05/2026 04:06:58
[04:23:05][SCAN][DEBUG] PATH = [C:\Users\justi\Downloads\PIPELINE(1)\RepairArchive]
[04:23:06][IDLE][DEBUG] User ACTIVE
[04:23:08][IDLE][DEBUG] CPU activity detected
[04:23:42][SCAN][DEBUG] PATH = [C:\Users\justi\Downloads\PIPELINE(1)\RepairArchive]
[04:23:42][SCAN][DEBUG] PATH = [C:\Users\justi\Downloads\PIPELINE(1)\PIPELINE\RepairArchive]
[04:23:42][SCAN][DEBUG] Parsed last scan time: 18/05/2026 04:06:58
[04:23:43][IDLE][DEBUG] User ACTIVE
[04:23:44][IDLE][DEBUG] CPU activity detected
