[04:06:57][SCAN][INFO] Media scanner started
[04:06:58][SCAN][DEBUG] PATH = [C:\Users\justi\Downloads\PIPELINE(1)\PIPELINE\RepairArchive]
[04:06:58][INIT][INFO] Created directory: C:\Users\justi\Downloads\PIPELINE(1)\PIPELINE\RepairArchive
[04:06:58][INIT][INFO] Created directory: C:\Users\justi\Downloads\PIPELINE(1)\Temp
[04:06:58][INIT][INFO] Created file: C:\Users\justi\Downloads\PIPELINE(1)\Temp\cache.json
[04:06:58][INIT][INFO] Created file: C:\Users\justi\Downloads\PIPELINE(1)\Temp\scanstate.json
[04:06:58][INIT][INFO] Created file: C:\Users\justi\Downloads\PIPELINE(1)\Temp\repairmap.json
[04:06:58][SCAN][WARNING] No valid scan state found - forcing initial scan
[04:06:58][SCAN][INFO] Next scan scheduled: 18/05/2026 04:06:58
[04:06:58][SCAN][INFO] Scan triggered
[04:06:58][CACHE][DEBUG] Loaded cache entries: 0
[04:06:58][RESTORE][INFO] Repair restore service started
[04:06:58][SCAN][DEBUG] PATH = [C:\Users\justi\Downloads\PIPELINE(1)\RepairArchive]
[04:06:58][CACHE][ERROR] Save FAILED: Exception calling "WriteAllLines" with "2" argument(s): "Value cannot be null.
Parameter name: contents"
[04:06:58][SCAN][INFO] Processed: 0
[04:06:58][INIT][INFO] Created directory: C:\Users\justi\Downloads\PIPELINE(1)\RepairArchive
[04:06:58][SCAN][INFO] Updated cache entries: 0
[04:06:58][SCAN][INFO] Bad files: 0
[04:06:58][SCAN][INFO] Next scan scheduled: 25/05/2026 04:06:58
[04:06:58][CLEANER][INFO] Cleanup service started
[04:06:58][IDLE][INFO] Idle shutdown watcher started
[04:06:58][IDLE][INFO] Smart watcher started
[04:06:58][IDLE][DEBUG] User ACTIVE
[04:07:00][IDLE][DEBUG] CPU activity detected
[04:07:00][IDLE][INFO] System ACTIVE
[04:07:18][SCAN][INFO] Media scanner started
[04:07:18][SCAN][DEBUG] PATH = [C:\Users\justi\Downloads\PIPELINE(1)\PIPELINE\RepairArchive]
[04:07:19][SCAN][DEBUG] Parsed last scan time: 18/05/2026 04:06:58
[04:07:19][SCAN][INFO] Next scan scheduled: 25/05/2026 04:06:58
[04:07:19][RESTORE][INFO] Repair restore service started
[04:07:19][SCAN][DEBUG] PATH = [C:\Users\justi\Downloads\PIPELINE(1)\RepairArchive]
[04:07:19][CLEANER][INFO] Cleanup service started
[04:07:19][IDLE][INFO] Idle shutdown watcher started
[04:07:19][IDLE][INFO] Smart watcher started
[04:07:19][IDLE][DEBUG] User ACTIVE
[04:07:21][IDLE][DEBUG] CPU activity detected
[04:07:21][IDLE][INFO] System ACTIVE
[04:23:05][SCAN][INFO] Media scanner started
[04:23:05][SCAN][DEBUG] PATH = [C:\Users\justi\Downloads\PIPELINE(1)\PIPELINE\RepairArchive]
[04:23:05][INIT][INFO] Created directory: C:\Users\justi\Downloads\PIPELINE(1)\PIPELINE\RepairArchive
[04:23:05][SCAN][DEBUG] Parsed last scan time: 18/05/2026 04:06:58
[04:23:05][SCAN][INFO] Next scan scheduled: 25/05/2026 04:06:58
[04:23:05][RESTORE][INFO] Repair restore service started
[04:23:05][SCAN][DEBUG] PATH = [C:\Users\justi\Downloads\PIPELINE(1)\RepairArchive]
[04:23:05][CLEANER][INFO] Cleanup service started
[04:23:06][IDLE][INFO] Idle shutdown watcher started
[04:23:06][IDLE][INFO] Smart watcher started
[04:23:06][IDLE][DEBUG] User ACTIVE
[04:23:08][IDLE][DEBUG] CPU activity detected
[04:23:08][IDLE][INFO] System ACTIVE
[04:23:42][RESTORE][INFO] Repair restore service started
[04:23:42][SCAN][DEBUG] PATH = [C:\Users\justi\Downloads\PIPELINE(1)\RepairArchive]
[04:23:42][SCAN][INFO] Media scanner started
[04:23:42][SCAN][DEBUG] PATH = [C:\Users\justi\Downloads\PIPELINE(1)\PIPELINE\RepairArchive]
[04:23:42][INIT][INFO] Created directory: C:\Users\justi\Downloads\PIPELINE(1)\PIPELINE\RepairArchive
[04:23:42][SCAN][DEBUG] Parsed last scan time: 18/05/2026 04:06:58
[04:23:42][SCAN][INFO] Next scan scheduled: 25/05/2026 04:06:58
[04:23:42][CLEANER][INFO] Cleanup service started
[04:23:42][IDLE][INFO] Idle shutdown watcher started
[04:23:43][IDLE][INFO] Smart watcher started
[04:23:43][IDLE][DEBUG] User ACTIVE
[04:23:44][IDLE][DEBUG] CPU activity detected
[04:23:44][IDLE][INFO] System ACTIVE
